
> backend@1.0.0 dev
> nodemon src/server.js

[33m[nodemon] 3.1.14[39m
[33m[nodemon] to restart at any time, enter `rs`[39m
[33m[nodemon] watching path(s): *.*[39m
[33m[nodemon] watching extensions: js,mjs,cjs,json[39m
[32m[nodemon] starting `node src/server.js`[39m
◇ injected env (11) from .env // tip: ◈ secrets for agents [www.dotenvx.com]
INGEVORA API running on http://localhost:5000
MySQL connection verified
[32m[nodemon] restarting due to changes...[39m
[32m[nodemon] starting `node src/server.js`[39m
◇ injected env (11) from .env // tip: ⌘ multiple files { path: ['.env.local', '.env'] }
INGEVORA API running on http://localhost:5000
MySQL connection verified
[32m[nodemon] restarting due to changes...[39m
[32m[nodemon] starting `node src/server.js`[39m
◇ injected env (11) from .env // tip: ⌘ suppress logs { quiet: true }
INGEVORA API running on http://localhost:5000
MySQL connection verified
[32m[nodemon] restarting due to changes...[39m
[32m[nodemon] restarting due to changes...[39m
[32m[nodemon] starting `node src/server.js`[39m
◇ injected env (11) from .env // tip: ⌘ suppress logs { quiet: true }
INGEVORA API running on http://localhost:5000
MySQL connection verified
[32m[nodemon] restarting child process[39m
[32m[nodemon] starting `node src/server.js`[39m
